---
source: crates/narwhal-app/tests/snapshots.rs
expression: "snapshot_core_sized(&mut core, 130, 66)"
---
┌ narwhal ───────────────────────┐┌ editor ──────────────────────────────────────────────────────────────────────────────────────┐
│                                ││  1 │                                                                                         │
│  no connections yet            ││                                                                                              │
│            ┌ help · j/k Ctrl-D/U g/G scroll · esc/q closes ───────────────────────────────────────────────────────┐            │
│  press :add│ Global                                                                                               │            │
│  or  :url <│  F5 / Alt-Enter / Ctrl-;              run statement under cursor                                     │            │
│            │  F6                                   run whole buffer                                               │            │
│  press ? fo│  F7                                   stream cursor statement                                        │            │
│            │  F4 / Ctrl-C                          cancel running query (while one runs)                          │            │
│            │  Ctrl-W                               cycle pane focus (basic/emacs: not from editor)                │            │
│            │  :                                    command palette (any pane)                                     │            │
│            │  Ctrl-T                               new editor tab                                                 │            │
│            │  Ctrl-Tab / Ctrl-Shift-Tab            cycle tabs                                                     │            │
│            │  F1 / ? (outside editor) / :help      this help (j/k, Ctrl-D/U, g/G scroll)                          │            │
│            │  Ctrl-Shift-W                         cycle pane focus backwards                                     │            │
│            │  Ctrl-S (vim editor)                  stream statement under cursor                                  │            │
│            │  Ctrl-R                               query history (Shift-Enter inserts + runs)                     │            │
│            │  Ctrl-N                               goto: fuzzy jump to table / column                             │            │
│            │  Ctrl-PgDn / Ctrl-PgUp                next / prev result tab                                         │            │
│            │  Ctrl-P / Ctrl-Shift-P                goto / command palette (vscode preset)                         │            │
│            │  Ctrl-B / Ctrl-Enter                  focus sidebar / run (datagrip, intellij preset)                │            │
│            │  :q                                   quit                                                           │            │
│            │  :refresh                             re-fetch schema tree for active connection                     │            │
│            │  :format / :fmt                       pretty-print the statement under the cursor                    │            │
│            │  :format-all / :fmtall                pretty-print every statement in the buffer                     │            │
│            │                                                                                                      │            │
│            │ Editor (vim)                                                                                         │            │
│            │  i / a                                enter insert mode                                              │            │
│            │  Esc / Ctrl-C / Ctrl-[ / Ctrl-G       back to normal mode                                            │            │
│            │  Tab / Ctrl-Space (insert)            completion; Ctrl-N / Ctrl-P / Esc in popup                     │            │
│            │  ↑ ↓ / Shift-Tab                      cycle popup items                                              │            │
│            │  Enter / Tab (in popup)               accept completion                                              │            │
│            │  h j k l / arrows                     move cursor                                                    │            │
│            │  w / b                                word forward / backward                                        │            │
│            │  0 / $                                line start / end                                               │            │
│            │  gg / G / {N}G                        first / last / Nth line                                        │────────────┘
│            │  Ctrl-D / Ctrl-U                      10 lines down / up                                             │────────────┐
│            │  {N} before a motion                  repeat count (3j, 2dw)                                         │l-Space     │
│            │  / / ? / n / N                        search forward / backward / next / prev                        │            │
│            │  v / V                                visual / visual-line mode                                      │            │
│            │  d / y / c + motion                   operator: dd yy cc, dw, d$, dG, dgg …                          │            │
│            │  d / y / c (visual)                   delete / yank / change selection                               │            │
│            │  y / d (mouse selection)              yank / delete the dragged selection                            │            │
│            │  x / Del                              delete char under cursor                                       │            │
│            │  Alt-N / Alt-A                        multi-cursor: add next / all matches                           │            │
│            │  Esc (multi-cursor)                   collapse to primary cursor                                     │            │
│            │                                                                                                      │            │
│            │ Sidebar                                                                                              │            │
│            │  j / k / ↑ / ↓                        navigate                                                       │            │
│            │  Ctrl-D / Ctrl-U / PgDn / PgUp        page down / up                                                 │            │
│            │  Home / End                           first / last item                                              │            │
│            │  Enter                                connect / describe table                                       │            │
│            │  o                                    preview table data                                             │            │
│            │  d                                    inject DDL into editor                                         │            │
│            │  D / gd                               ER diagram focused on table                                    │            │
│            │                                                                                                      │            │
│            │ Results                                                                                              │            │
│            │  h j k l / arrows                     move selection                                                 │            │
│            │  Enter                                open cell popup                                                │            │
│            │  e                                    edit cell value (Enter commit, Esc cancel)                     │            │
│            │  y / Y                                yank cell / row to clipboard                                   │            │
│            └──────────────────────────────────────────────────────────────────────────────────────────────────────┘            │
│                                ││                                                                                              │
│                                ││                                                                                              │
└────────────────────────────────┘└──────────────────────────────────────────────────────────────────────────────────────────────┘
  NOR editor  (no connection)  ready
